2025-10-18T20:22:09+02:00 INFO (6): Weather data fetched for Manila
2025-10-18T20:26:33+02:00 INFO (6): Weather data fetched for Manila
2025-10-18T20:26:36+02:00 INFO (6): Weather data fetched for Manila
2025-10-18T20:26:37+02:00 INFO (6): Weather data fetched for Manila
2025-10-18T20:26:39+02:00 INFO (6): Weather data fetched for Manila
2025-10-18T20:26:40+02:00 INFO (6): Weather data fetched for Bacolod
2025-10-18T20:26:42+02:00 INFO (6): Weather data fetched for Manila
2025-10-18T20:26:43+02:00 INFO (6): Weather data fetched for Manila
2025-10-18T20:26:46+02:00 INFO (6): Weather data fetched for Iloilo
2025-10-18T20:26:47+02:00 INFO (6): Weather data fetched for Manila
2025-10-18T20:26:54+02:00 INFO (6): Weather data fetched for Bacolod
2025-10-18T20:27:02+02:00 INFO (6): Weather data fetched for Davao
2025-10-18T20:27:04+02:00 INFO (6): Weather data fetched for Manila
2025-10-18T20:27:06+02:00 INFO (6): Weather data fetched for Manila
2025-10-18T20:27:07+02:00 INFO (6): Weather data fetched for Manila
2025-10-18T20:27:08+02:00 INFO (6): Weather data fetched for Manila
2025-10-18T20:27:09+02:00 INFO (6): Weather data fetched for Manila
2025-10-18T20:27:09+02:00 INFO (6): Weather data fetched for Manila
2025-10-18T20:27:10+02:00 INFO (6): Weather data fetched for Manila
2025-10-18T20:27:11+02:00 INFO (6): Weather data fetched for Manila
2025-10-18T20:28:31+02:00 INFO (6): Weather data fetched for Manila
2025-10-18T20:28:36+02:00 INFO (6): Weather data fetched for Bacolod
2025-10-18T20:28:41+02:00 INFO (6): Weather data fetched for Manila
2025-10-18T20:28:43+02:00 INFO (6): Weather data fetched for Manila
2025-10-18T20:28:46+02:00 INFO (6): Weather data fetched for Manila
2025-10-18T20:29:35+02:00 INFO (6): Weather data fetched for Manila
2025-10-18T20:29:35+02:00 INFO (6): Weather data fetched for Manila
2025-10-18T20:34:28+02:00 INFO (6): Weather data fetched for Manila
2025-10-18T20:34:30+02:00 INFO (6): Weather data fetched for Manila
2025-10-18T20:34:32+02:00 INFO (6): Weather data fetched for Manila
2025-10-18T20:34:33+02:00 INFO (6): Weather data fetched for Manila
2025-10-18T20:34:35+02:00 INFO (6): Weather data fetched for Manila
2025-10-18T20:34:38+02:00 INFO (6): Weather data fetched for Manila
2025-10-18T20:34:58+02:00 INFO (6): Weather data fetched for Manila
2025-10-18T20:35:00+02:00 INFO (6): Weather data fetched for Iloilo
2025-10-18T20:35:02+02:00 INFO (6): Weather data fetched for Iloilo
2025-10-18T20:35:04+02:00 INFO (6): Weather data fetched for Iloilo
2025-10-18T20:35:05+02:00 INFO (6): Weather data fetched for Iloilo
2025-10-18T20:35:06+02:00 INFO (6): Weather data fetched for Iloilo
2025-10-18T20:37:40+02:00 INFO (6): Weather data fetched for Iloilo
2025-10-18T20:39:23+02:00 INFO (6): Weather data fetched for Iloilo
2025-10-18T20:39:25+02:00 INFO (6): Weather data fetched for Iloilo
2025-10-18T20:39:26+02:00 INFO (6): Weather data fetched for Iloilo
2025-10-18T20:39:29+02:00 INFO (6): Weather data fetched for Iloilo
2025-10-18T20:39:30+02:00 INFO (6): Weather data fetched for Zamboanga
2025-10-18T20:39:33+02:00 INFO (6): Weather data fetched for Cagayan de Oro
2025-10-18T20:39:35+02:00 INFO (6): Weather data fetched for Bacolod
2025-10-18T20:42:15+02:00 INFO (6): Weather data fetched for Bacolod
2025-10-18T20:42:54+02:00 INFO (6): Weather data fetched for Baguio
2025-10-18T20:42:55+02:00 INFO (6): Weather data fetched for Iloilo
2025-10-18T20:42:55+02:00 INFO (6): Weather data fetched for Tagaytay
2025-10-18T20:42:57+02:00 INFO (6): Weather data fetched for Bacolod
2025-10-18T20:42:58+02:00 INFO (6): Weather data fetched for Zamboanga
2025-10-18T20:42:58+02:00 INFO (6): Weather data fetched for Cagayan de Oro
2025-10-18T20:42:59+02:00 INFO (6): Weather data fetched for General Santos
2025-10-18T20:43:00+02:00 INFO (6): Weather data fetched for Butuan
2025-10-18T20:43:00+02:00 INFO (6): Weather data fetched for Iligan
2025-10-18T20:43:01+02:00 INFO (6): Weather data fetched for Cotabato
2025-10-18T20:43:01+02:00 INFO (6): Weather data fetched for Puerto Princesa
2025-10-18T20:43:02+02:00 INFO (6): Weather data fetched for Legazpi
2025-10-18T20:43:03+02:00 INFO (6): Weather data fetched for Manila
2025-10-18T20:43:03+02:00 INFO (6): Weather data fetched for Cebu
2025-10-18T20:43:04+02:00 INFO (6): Weather data fetched for Davao
2025-10-18T20:43:46+02:00 INFO (6): Weather data fetched for Manila
2025-10-18T20:43:46+02:00 INFO (6): Weather data fetched for Cebu
2025-10-18T20:43:47+02:00 INFO (6): Weather data fetched for Davao
2025-10-18T20:49:30+02:00 INFO (6): Weather data fetched for Baguio
2025-10-18T20:49:30+02:00 INFO (6): Weather data fetched for Iloilo
2025-10-18T20:49:31+02:00 INFO (6): Weather data fetched for Tagaytay
2025-10-18T20:49:31+02:00 INFO (6): Weather data fetched for Baguio
2025-10-18T20:49:32+02:00 INFO (6): Weather data fetched for Iloilo
2025-10-18T20:49:32+02:00 INFO (6): Weather data fetched for Tagaytay
2025-10-18T20:49:33+02:00 INFO (6): Weather data fetched for General Santos
2025-10-18T20:49:33+02:00 INFO (6): Weather data fetched for Butuan
2025-10-18T20:49:34+02:00 INFO (6): Weather data fetched for Iligan
2025-10-18T20:49:35+02:00 INFO (6): Weather data fetched for Cotabato
2025-10-18T20:49:35+02:00 INFO (6): Weather data fetched for Puerto Princesa
2025-10-18T20:49:35+02:00 INFO (6): Weather data fetched for Legazpi
2025-10-18T20:49:48+02:00 INFO (6): Weather data fetched for Manila
2025-10-18T20:49:48+02:00 INFO (6): Weather data fetched for Cebu
2025-10-18T20:49:48+02:00 INFO (6): Weather data fetched for Davao
2025-10-18T20:49:49+02:00 INFO (6): Weather data fetched for Manila
2025-10-18T20:49:49+02:00 INFO (6): Weather data fetched for Cebu
2025-10-18T20:49:50+02:00 INFO (6): Weather data fetched for Davao
